running develop
/usr/lib/python3/dist-packages/setuptools/command/easy_install.py:363: UserWarning: Unbuilt egg for pytest-repeat [unknown version] (/usr/lib/python3/dist-packages)
  self.local_index = Environment(self.shadow_path + sys.path)
running egg_info
creating machmind_rqt_buttons.egg-info
writing machmind_rqt_buttons.egg-info/PKG-INFO
writing dependency_links to machmind_rqt_buttons.egg-info/dependency_links.txt
writing requirements to machmind_rqt_buttons.egg-info/requires.txt
writing top-level names to machmind_rqt_buttons.egg-info/top_level.txt
writing manifest file 'machmind_rqt_buttons.egg-info/SOURCES.txt'
reading manifest file 'machmind_rqt_buttons.egg-info/SOURCES.txt'
writing manifest file 'machmind_rqt_buttons.egg-info/SOURCES.txt'
running build_ext
Creating /home/pihas/drone-swarm-challenge-2026/ground-station-software/gcs/rqt/install/machmind_rqt_buttons/lib/python3.12/site-packages/machmind-rqt-buttons.egg-link (link to .)

Installed /home/pihas/drone-swarm-challenge-2026/ground-station-software/gcs/rqt/build/machmind_rqt_buttons
running symlink_data
creating /home/pihas/drone-swarm-challenge-2026/ground-station-software/gcs/rqt/install/machmind_rqt_buttons/share/ament_index
creating /home/pihas/drone-swarm-challenge-2026/ground-station-software/gcs/rqt/install/machmind_rqt_buttons/share/ament_index/resource_index
creating /home/pihas/drone-swarm-challenge-2026/ground-station-software/gcs/rqt/install/machmind_rqt_buttons/share/ament_index/resource_index/packages
symbolically linking /home/pihas/drone-swarm-challenge-2026/ground-station-software/gcs/rqt/build/machmind_rqt_buttons/resource/machmind_rqt_buttons -> /home/pihas/drone-swarm-challenge-2026/ground-station-software/gcs/rqt/install/machmind_rqt_buttons/share/ament_index/resource_index/packages
symbolically linking /home/pihas/drone-swarm-challenge-2026/ground-station-software/gcs/rqt/build/machmind_rqt_buttons/package.xml -> /home/pihas/drone-swarm-challenge-2026/ground-station-software/gcs/rqt/install/machmind_rqt_buttons/share/machmind_rqt_buttons
symbolically linking /home/pihas/drone-swarm-challenge-2026/ground-station-software/gcs/rqt/build/machmind_rqt_buttons/plugin.xml -> /home/pihas/drone-swarm-challenge-2026/ground-station-software/gcs/rqt/install/machmind_rqt_buttons/share/machmind_rqt_buttons
