[0.305s] Invoking command in '/home/pihas/drone-swarm-challenge-2026/ground-station-software/gcs/rqt/build/machmind_rqt_buttons': DEBUGINFOD_URLS=https://debuginfod.ubuntu.com PYTHONPATH=/home/pihas/drone-swarm-challenge-2026/ground-station-software/gcs/rqt/build/machmind_rqt_buttons/prefix_override:/usr/lib/python3/dist-packages/colcon_core/task/python/colcon_distutils_commands:/home/pihas/drone-swarm-challenge-2026/ground-station-software/gcs/rqt/install/machmind_rqt_buttons/lib/python3.12/site-packages:${PYTHONPATH} /usr/bin/python3 -W ignore:setup.py install is deprecated -W ignore:easy_install command is deprecated setup.py develop --editable --build-directory /home/pihas/drone-swarm-challenge-2026/ground-station-software/gcs/rqt/build/machmind_rqt_buttons/build --no-deps symlink_data
[0.428s] running develop
[0.482s] /usr/lib/python3/dist-packages/setuptools/command/easy_install.py:363: UserWarning: Unbuilt egg for pytest-repeat [unknown version] (/usr/lib/python3/dist-packages)
[0.482s]   self.local_index = Environment(self.shadow_path + sys.path)
[0.494s] running egg_info
[0.494s] creating machmind_rqt_buttons.egg-info
[0.500s] writing machmind_rqt_buttons.egg-info/PKG-INFO
[0.500s] writing dependency_links to machmind_rqt_buttons.egg-info/dependency_links.txt
[0.501s] writing requirements to machmind_rqt_buttons.egg-info/requires.txt
[0.501s] writing top-level names to machmind_rqt_buttons.egg-info/top_level.txt
[0.501s] writing manifest file 'machmind_rqt_buttons.egg-info/SOURCES.txt'
[0.514s] reading manifest file 'machmind_rqt_buttons.egg-info/SOURCES.txt'
[0.514s] writing manifest file 'machmind_rqt_buttons.egg-info/SOURCES.txt'
[0.521s] running build_ext
[0.521s] Creating /home/pihas/drone-swarm-challenge-2026/ground-station-software/gcs/rqt/install/machmind_rqt_buttons/lib/python3.12/site-packages/machmind-rqt-buttons.egg-link (link to .)
[0.521s] 
[0.521s] Installed /home/pihas/drone-swarm-challenge-2026/ground-station-software/gcs/rqt/build/machmind_rqt_buttons
[0.521s] running symlink_data
[0.522s] creating /home/pihas/drone-swarm-challenge-2026/ground-station-software/gcs/rqt/install/machmind_rqt_buttons/share/ament_index
[0.522s] creating /home/pihas/drone-swarm-challenge-2026/ground-station-software/gcs/rqt/install/machmind_rqt_buttons/share/ament_index/resource_index
[0.522s] creating /home/pihas/drone-swarm-challenge-2026/ground-station-software/gcs/rqt/install/machmind_rqt_buttons/share/ament_index/resource_index/packages
[0.522s] symbolically linking /home/pihas/drone-swarm-challenge-2026/ground-station-software/gcs/rqt/build/machmind_rqt_buttons/resource/machmind_rqt_buttons -> /home/pihas/drone-swarm-challenge-2026/ground-station-software/gcs/rqt/install/machmind_rqt_buttons/share/ament_index/resource_index/packages
[0.522s] symbolically linking /home/pihas/drone-swarm-challenge-2026/ground-station-software/gcs/rqt/build/machmind_rqt_buttons/package.xml -> /home/pihas/drone-swarm-challenge-2026/ground-station-software/gcs/rqt/install/machmind_rqt_buttons/share/machmind_rqt_buttons
[0.522s] symbolically linking /home/pihas/drone-swarm-challenge-2026/ground-station-software/gcs/rqt/build/machmind_rqt_buttons/plugin.xml -> /home/pihas/drone-swarm-challenge-2026/ground-station-software/gcs/rqt/install/machmind_rqt_buttons/share/machmind_rqt_buttons
[0.535s] Invoked command in '/home/pihas/drone-swarm-challenge-2026/ground-station-software/gcs/rqt/build/machmind_rqt_buttons' returned '0': DEBUGINFOD_URLS=https://debuginfod.ubuntu.com PYTHONPATH=/home/pihas/drone-swarm-challenge-2026/ground-station-software/gcs/rqt/build/machmind_rqt_buttons/prefix_override:/usr/lib/python3/dist-packages/colcon_core/task/python/colcon_distutils_commands:/home/pihas/drone-swarm-challenge-2026/ground-station-software/gcs/rqt/install/machmind_rqt_buttons/lib/python3.12/site-packages:${PYTHONPATH} /usr/bin/python3 -W ignore:setup.py install is deprecated -W ignore:easy_install command is deprecated setup.py develop --editable --build-directory /home/pihas/drone-swarm-challenge-2026/ground-station-software/gcs/rqt/build/machmind_rqt_buttons/build --no-deps symlink_data
