[0.041s] DEBUG:colcon:Command line arguments: ['/usr/bin/colcon', 'build', '--symlink-install']
[0.041s] DEBUG:colcon:Parsed command line arguments: Namespace(log_base=None, log_level=None, verb_name='build', build_base='build', install_base='install', merge_install=False, symlink_install=True, test_result_base=None, continue_on_error=False, executor='parallel', parallel_workers=32, event_handlers=None, ignore_user_meta=False, metas=['./colcon.meta'], base_paths=['.'], packages_ignore=None, packages_ignore_regex=None, paths=None, packages_up_to=None, packages_up_to_regex=None, packages_above=None, packages_above_and_dependencies=None, packages_above_depth=None, packages_select_by_dep=None, packages_skip_by_dep=None, packages_skip_up_to=None, packages_select_build_failed=False, packages_skip_build_finished=False, packages_select_test_failures=False, packages_skip_test_passed=False, packages_select=None, packages_skip=None, packages_select_regex=None, packages_skip_regex=None, packages_start=None, packages_end=None, allow_overriding=[], cmake_args=None, cmake_target=None, cmake_target_skip_unavailable=False, cmake_clean_cache=False, cmake_clean_first=False, cmake_force_configure=False, ament_cmake_args=None, catkin_cmake_args=None, catkin_skip_building_tests=False, mixin_files=None, mixin=None, verb_parser=<colcon_mixin.mixin.mixin_argument.MixinArgumentDecorator object at 0x7b0da3f22510>, verb_extension=<colcon_core.verb.build.BuildVerb object at 0x7b0da40d4cb0>, main=<bound method BuildVerb.main of <colcon_core.verb.build.BuildVerb object at 0x7b0da40d4cb0>>, mixin_verb=('build',))
[0.056s] Level 1:colcon.colcon_core.package_discovery:discover_packages(colcon_meta) check parameters
[0.056s] Level 1:colcon.colcon_core.package_discovery:discover_packages(recursive) check parameters
[0.056s] Level 1:colcon.colcon_core.package_discovery:discover_packages(ignore) check parameters
[0.056s] Level 1:colcon.colcon_core.package_discovery:discover_packages(path) check parameters
[0.056s] Level 1:colcon.colcon_core.package_discovery:discover_packages(colcon_meta) discover
[0.056s] Level 1:colcon.colcon_core.package_discovery:discover_packages(recursive) discover
[0.056s] INFO:colcon.colcon_core.package_discovery:Crawling recursively for packages in '/home/pihas/drone-swarm-challenge-2026/ground-station-software/gcs/rqt'
[0.056s] Level 1:colcon.colcon_core.package_identification:_identify(.) by extensions ['ignore', 'ignore_ament_install']
[0.057s] Level 1:colcon.colcon_core.package_identification:_identify(.) by extension 'ignore'
[0.057s] Level 1:colcon.colcon_core.package_identification:_identify(.) by extension 'ignore_ament_install'
[0.057s] Level 1:colcon.colcon_core.package_identification:_identify(.) by extensions ['colcon_pkg']
[0.057s] Level 1:colcon.colcon_core.package_identification:_identify(.) by extension 'colcon_pkg'
[0.057s] Level 1:colcon.colcon_core.package_identification:_identify(.) by extensions ['colcon_meta']
[0.057s] Level 1:colcon.colcon_core.package_identification:_identify(.) by extension 'colcon_meta'
[0.057s] Level 1:colcon.colcon_core.package_identification:_identify(.) by extensions ['ros']
[0.057s] Level 1:colcon.colcon_core.package_identification:_identify(.) by extension 'ros'
[0.067s] Level 1:colcon.colcon_core.package_identification:_identify(.) by extensions ['cmake', 'python']
[0.067s] Level 1:colcon.colcon_core.package_identification:_identify(.) by extension 'cmake'
[0.067s] Level 1:colcon.colcon_core.package_identification:_identify(.) by extension 'python'
[0.067s] Level 1:colcon.colcon_core.package_identification:_identify(.) by extensions ['python_setup_py']
[0.067s] Level 1:colcon.colcon_core.package_identification:_identify(.) by extension 'python_setup_py'
[0.068s] Level 1:colcon.colcon_core.package_identification:_identify(build) by extensions ['ignore', 'ignore_ament_install']
[0.068s] Level 1:colcon.colcon_core.package_identification:_identify(build) by extension 'ignore'
[0.068s] Level 1:colcon.colcon_core.package_identification:_identify(build) ignored
[0.068s] Level 1:colcon.colcon_core.package_identification:_identify(install) by extensions ['ignore', 'ignore_ament_install']
[0.068s] Level 1:colcon.colcon_core.package_identification:_identify(install) by extension 'ignore'
[0.068s] Level 1:colcon.colcon_core.package_identification:_identify(install) ignored
[0.068s] Level 1:colcon.colcon_core.package_identification:_identify(log) by extensions ['ignore', 'ignore_ament_install']
[0.068s] Level 1:colcon.colcon_core.package_identification:_identify(log) by extension 'ignore'
[0.068s] Level 1:colcon.colcon_core.package_identification:_identify(log) ignored
[0.068s] Level 1:colcon.colcon_core.package_identification:_identify(machmind_rqt_buttons) by extensions ['ignore', 'ignore_ament_install']
[0.068s] Level 1:colcon.colcon_core.package_identification:_identify(machmind_rqt_buttons) by extension 'ignore'
[0.068s] Level 1:colcon.colcon_core.package_identification:_identify(machmind_rqt_buttons) by extension 'ignore_ament_install'
[0.068s] Level 1:colcon.colcon_core.package_identification:_identify(machmind_rqt_buttons) by extensions ['colcon_pkg']
[0.068s] Level 1:colcon.colcon_core.package_identification:_identify(machmind_rqt_buttons) by extension 'colcon_pkg'
[0.068s] Level 1:colcon.colcon_core.package_identification:_identify(machmind_rqt_buttons) by extensions ['colcon_meta']
[0.068s] Level 1:colcon.colcon_core.package_identification:_identify(machmind_rqt_buttons) by extension 'colcon_meta'
[0.068s] Level 1:colcon.colcon_core.package_identification:_identify(machmind_rqt_buttons) by extensions ['ros']
[0.068s] Level 1:colcon.colcon_core.package_identification:_identify(machmind_rqt_buttons) by extension 'ros'
[0.069s] DEBUG:colcon.colcon_core.package_identification:Package 'machmind_rqt_buttons' with type 'ros.ament_python' and name 'machmind_rqt_buttons'
[0.069s] Level 1:colcon.colcon_core.package_discovery:discover_packages(recursive) using defaults
[0.069s] Level 1:colcon.colcon_core.package_discovery:discover_packages(ignore) discover
[0.069s] Level 1:colcon.colcon_core.package_discovery:discover_packages(ignore) using defaults
[0.069s] Level 1:colcon.colcon_core.package_discovery:discover_packages(path) discover
[0.069s] Level 1:colcon.colcon_core.package_discovery:discover_packages(path) using defaults
[0.076s] Level 1:colcon.colcon_core.package_discovery:discover_packages(prefix_path) check parameters
[0.076s] Level 1:colcon.colcon_core.package_discovery:discover_packages(prefix_path) discover
[0.077s] DEBUG:colcon.colcon_installed_package_information.package_discovery:Found 287 installed packages in /opt/ros/jazzy
[0.078s] Level 1:colcon.colcon_core.package_discovery:discover_packages(prefix_path) using defaults
[0.091s] Level 5:colcon.colcon_core.verb:set package 'machmind_rqt_buttons' build argument 'cmake_args' from command line to 'None'
[0.092s] Level 5:colcon.colcon_core.verb:set package 'machmind_rqt_buttons' build argument 'cmake_target' from command line to 'None'
[0.092s] Level 5:colcon.colcon_core.verb:set package 'machmind_rqt_buttons' build argument 'cmake_target_skip_unavailable' from command line to 'False'
[0.092s] Level 5:colcon.colcon_core.verb:set package 'machmind_rqt_buttons' build argument 'cmake_clean_cache' from command line to 'False'
[0.092s] Level 5:colcon.colcon_core.verb:set package 'machmind_rqt_buttons' build argument 'cmake_clean_first' from command line to 'False'
[0.092s] Level 5:colcon.colcon_core.verb:set package 'machmind_rqt_buttons' build argument 'cmake_force_configure' from command line to 'False'
[0.092s] Level 5:colcon.colcon_core.verb:set package 'machmind_rqt_buttons' build argument 'ament_cmake_args' from command line to 'None'
[0.092s] Level 5:colcon.colcon_core.verb:set package 'machmind_rqt_buttons' build argument 'catkin_cmake_args' from command line to 'None'
[0.092s] Level 5:colcon.colcon_core.verb:set package 'machmind_rqt_buttons' build argument 'catkin_skip_building_tests' from command line to 'False'
[0.092s] DEBUG:colcon.colcon_core.verb:Building package 'machmind_rqt_buttons' with the following arguments: {'ament_cmake_args': None, 'build_base': '/home/pihas/drone-swarm-challenge-2026/ground-station-software/gcs/rqt/build/machmind_rqt_buttons', 'catkin_cmake_args': None, 'catkin_skip_building_tests': False, 'cmake_args': None, 'cmake_clean_cache': False, 'cmake_clean_first': False, 'cmake_force_configure': False, 'cmake_target': None, 'cmake_target_skip_unavailable': False, 'install_base': '/home/pihas/drone-swarm-challenge-2026/ground-station-software/gcs/rqt/install/machmind_rqt_buttons', 'merge_install': False, 'path': '/home/pihas/drone-swarm-challenge-2026/ground-station-software/gcs/rqt/machmind_rqt_buttons', 'symlink_install': True, 'test_result_base': None}
[0.092s] INFO:colcon.colcon_core.executor:Executing jobs using 'parallel' executor
[0.092s] DEBUG:colcon.colcon_parallel_executor.executor.parallel:run_until_complete
[0.092s] INFO:colcon.colcon_ros.task.ament_python.build:Building ROS package in '/home/pihas/drone-swarm-challenge-2026/ground-station-software/gcs/rqt/machmind_rqt_buttons' with build type 'ament_python'
[0.092s] Level 1:colcon.colcon_core.shell:create_environment_hook('machmind_rqt_buttons', 'ament_prefix_path')
[0.093s] INFO:colcon.colcon_core.plugin_system:Skipping extension 'colcon_core.shell.bat': Not used on non-Windows systems
[0.093s] INFO:colcon.colcon_core.shell:Creating environment hook '/home/pihas/drone-swarm-challenge-2026/ground-station-software/gcs/rqt/install/machmind_rqt_buttons/share/machmind_rqt_buttons/hook/ament_prefix_path.ps1'
[0.094s] INFO:colcon.colcon_core.shell:Creating environment descriptor '/home/pihas/drone-swarm-challenge-2026/ground-station-software/gcs/rqt/install/machmind_rqt_buttons/share/machmind_rqt_buttons/hook/ament_prefix_path.dsv'
[0.094s] INFO:colcon.colcon_core.shell:Creating environment hook '/home/pihas/drone-swarm-challenge-2026/ground-station-software/gcs/rqt/install/machmind_rqt_buttons/share/machmind_rqt_buttons/hook/ament_prefix_path.sh'
[0.094s] INFO:colcon.colcon_core.shell:Skip shell extension 'powershell' for command environment: Not usable outside of PowerShell
[0.094s] DEBUG:colcon.colcon_core.shell:Skip shell extension 'dsv' for command environment
[0.181s] INFO:colcon.colcon_core.task.python.build:Building Python package in '/home/pihas/drone-swarm-challenge-2026/ground-station-software/gcs/rqt/machmind_rqt_buttons'
[0.182s] INFO:colcon.colcon_core.shell:Skip shell extension 'powershell' for command environment: Not usable outside of PowerShell
[0.182s] DEBUG:colcon.colcon_core.shell:Skip shell extension 'dsv' for command environment
[0.397s] DEBUG:colcon.colcon_core.event_handler.log_command:Invoking command in '/home/pihas/drone-swarm-challenge-2026/ground-station-software/gcs/rqt/build/machmind_rqt_buttons': DEBUGINFOD_URLS=https://debuginfod.ubuntu.com PYTHONPATH=/home/pihas/drone-swarm-challenge-2026/ground-station-software/gcs/rqt/build/machmind_rqt_buttons/prefix_override:/usr/lib/python3/dist-packages/colcon_core/task/python/colcon_distutils_commands:/home/pihas/drone-swarm-challenge-2026/ground-station-software/gcs/rqt/install/machmind_rqt_buttons/lib/python3.12/site-packages:${PYTHONPATH} /usr/bin/python3 -W ignore:setup.py install is deprecated -W ignore:easy_install command is deprecated setup.py develop --editable --build-directory /home/pihas/drone-swarm-challenge-2026/ground-station-software/gcs/rqt/build/machmind_rqt_buttons/build --no-deps symlink_data
[0.627s] Level 1:colcon.colcon_core.shell:create_environment_hook('machmind_rqt_buttons', 'pythonpath_develop')
[0.628s] INFO:colcon.colcon_core.shell:Creating environment hook '/home/pihas/drone-swarm-challenge-2026/ground-station-software/gcs/rqt/build/machmind_rqt_buttons/share/machmind_rqt_buttons/hook/pythonpath_develop.ps1'
[0.628s] DEBUG:colcon.colcon_core.event_handler.log_command:Invoked command in '/home/pihas/drone-swarm-challenge-2026/ground-station-software/gcs/rqt/build/machmind_rqt_buttons' returned '0': DEBUGINFOD_URLS=https://debuginfod.ubuntu.com PYTHONPATH=/home/pihas/drone-swarm-challenge-2026/ground-station-software/gcs/rqt/build/machmind_rqt_buttons/prefix_override:/usr/lib/python3/dist-packages/colcon_core/task/python/colcon_distutils_commands:/home/pihas/drone-swarm-challenge-2026/ground-station-software/gcs/rqt/install/machmind_rqt_buttons/lib/python3.12/site-packages:${PYTHONPATH} /usr/bin/python3 -W ignore:setup.py install is deprecated -W ignore:easy_install command is deprecated setup.py develop --editable --build-directory /home/pihas/drone-swarm-challenge-2026/ground-station-software/gcs/rqt/build/machmind_rqt_buttons/build --no-deps symlink_data
[0.628s] INFO:colcon.colcon_core.shell:Creating environment descriptor '/home/pihas/drone-swarm-challenge-2026/ground-station-software/gcs/rqt/build/machmind_rqt_buttons/share/machmind_rqt_buttons/hook/pythonpath_develop.dsv'
[0.628s] INFO:colcon.colcon_core.shell:Creating environment hook '/home/pihas/drone-swarm-challenge-2026/ground-station-software/gcs/rqt/build/machmind_rqt_buttons/share/machmind_rqt_buttons/hook/pythonpath_develop.sh'
[0.629s] Level 1:colcon.colcon_core.environment:checking '/home/pihas/drone-swarm-challenge-2026/ground-station-software/gcs/rqt/install/machmind_rqt_buttons' for CMake module files
[0.629s] Level 1:colcon.colcon_core.environment:checking '/home/pihas/drone-swarm-challenge-2026/ground-station-software/gcs/rqt/install/machmind_rqt_buttons' for CMake config files
[0.630s] Level 1:colcon.colcon_core.environment:checking '/home/pihas/drone-swarm-challenge-2026/ground-station-software/gcs/rqt/install/machmind_rqt_buttons/lib'
[0.630s] Level 1:colcon.colcon_core.environment:checking '/home/pihas/drone-swarm-challenge-2026/ground-station-software/gcs/rqt/install/machmind_rqt_buttons/bin'
[0.630s] Level 1:colcon.colcon_core.environment:checking '/home/pihas/drone-swarm-challenge-2026/ground-station-software/gcs/rqt/install/machmind_rqt_buttons/lib/pkgconfig/machmind_rqt_buttons.pc'
[0.630s] Level 1:colcon.colcon_core.environment:checking '/home/pihas/drone-swarm-challenge-2026/ground-station-software/gcs/rqt/install/machmind_rqt_buttons/lib/python3.12/site-packages'
[0.630s] Level 1:colcon.colcon_core.shell:create_environment_hook('machmind_rqt_buttons', 'pythonpath')
[0.630s] INFO:colcon.colcon_core.shell:Creating environment hook '/home/pihas/drone-swarm-challenge-2026/ground-station-software/gcs/rqt/install/machmind_rqt_buttons/share/machmind_rqt_buttons/hook/pythonpath.ps1'
[0.630s] INFO:colcon.colcon_core.shell:Creating environment descriptor '/home/pihas/drone-swarm-challenge-2026/ground-station-software/gcs/rqt/install/machmind_rqt_buttons/share/machmind_rqt_buttons/hook/pythonpath.dsv'
[0.630s] INFO:colcon.colcon_core.shell:Creating environment hook '/home/pihas/drone-swarm-challenge-2026/ground-station-software/gcs/rqt/install/machmind_rqt_buttons/share/machmind_rqt_buttons/hook/pythonpath.sh'
[0.630s] Level 1:colcon.colcon_core.environment:checking '/home/pihas/drone-swarm-challenge-2026/ground-station-software/gcs/rqt/install/machmind_rqt_buttons/bin'
[0.630s] Level 1:colcon.colcon_core.environment:create_environment_scripts_only(machmind_rqt_buttons)
[0.631s] INFO:colcon.colcon_core.shell:Creating package script '/home/pihas/drone-swarm-challenge-2026/ground-station-software/gcs/rqt/install/machmind_rqt_buttons/share/machmind_rqt_buttons/package.ps1'
[0.631s] INFO:colcon.colcon_core.shell:Creating package descriptor '/home/pihas/drone-swarm-challenge-2026/ground-station-software/gcs/rqt/install/machmind_rqt_buttons/share/machmind_rqt_buttons/package.dsv'
[0.631s] INFO:colcon.colcon_core.shell:Creating package script '/home/pihas/drone-swarm-challenge-2026/ground-station-software/gcs/rqt/install/machmind_rqt_buttons/share/machmind_rqt_buttons/package.sh'
[0.631s] INFO:colcon.colcon_core.shell:Creating package script '/home/pihas/drone-swarm-challenge-2026/ground-station-software/gcs/rqt/install/machmind_rqt_buttons/share/machmind_rqt_buttons/package.bash'
[0.631s] INFO:colcon.colcon_core.shell:Creating package script '/home/pihas/drone-swarm-challenge-2026/ground-station-software/gcs/rqt/install/machmind_rqt_buttons/share/machmind_rqt_buttons/package.zsh'
[0.632s] Level 1:colcon.colcon_core.environment:create_file_with_runtime_dependencies(/home/pihas/drone-swarm-challenge-2026/ground-station-software/gcs/rqt/install/machmind_rqt_buttons/share/colcon-core/packages/machmind_rqt_buttons)
[0.632s] DEBUG:colcon.colcon_parallel_executor.executor.parallel:closing loop
[0.632s] DEBUG:colcon.colcon_parallel_executor.executor.parallel:loop closed
[0.632s] DEBUG:colcon.colcon_parallel_executor.executor.parallel:run_until_complete finished with '0'
[0.632s] DEBUG:colcon.colcon_core.event_reactor:joining thread
[0.634s] INFO:colcon.colcon_core.plugin_system:Skipping extension 'colcon_notification.desktop_notification.terminal_notifier': Not used on non-Darwin systems
[0.634s] INFO:colcon.colcon_core.plugin_system:Skipping extension 'colcon_notification.desktop_notification.win32': Not used on non-Windows systems
[0.634s] INFO:colcon.colcon_notification.desktop_notification:Sending desktop notification using 'notify2'
[0.640s] DEBUG:colcon.colcon_core.event_reactor:joined thread
[0.640s] INFO:colcon.colcon_core.shell:Creating prefix script '/home/pihas/drone-swarm-challenge-2026/ground-station-software/gcs/rqt/install/local_setup.ps1'
[0.640s] INFO:colcon.colcon_core.shell:Creating prefix util module '/home/pihas/drone-swarm-challenge-2026/ground-station-software/gcs/rqt/install/_local_setup_util_ps1.py'
[0.641s] INFO:colcon.colcon_core.shell:Creating prefix chain script '/home/pihas/drone-swarm-challenge-2026/ground-station-software/gcs/rqt/install/setup.ps1'
[0.641s] INFO:colcon.colcon_core.shell:Creating prefix script '/home/pihas/drone-swarm-challenge-2026/ground-station-software/gcs/rqt/install/local_setup.sh'
[0.641s] INFO:colcon.colcon_core.shell:Creating prefix util module '/home/pihas/drone-swarm-challenge-2026/ground-station-software/gcs/rqt/install/_local_setup_util_sh.py'
[0.641s] INFO:colcon.colcon_core.shell:Creating prefix chain script '/home/pihas/drone-swarm-challenge-2026/ground-station-software/gcs/rqt/install/setup.sh'
[0.642s] INFO:colcon.colcon_core.shell:Creating prefix script '/home/pihas/drone-swarm-challenge-2026/ground-station-software/gcs/rqt/install/local_setup.bash'
[0.642s] INFO:colcon.colcon_core.shell:Creating prefix chain script '/home/pihas/drone-swarm-challenge-2026/ground-station-software/gcs/rqt/install/setup.bash'
[0.642s] INFO:colcon.colcon_core.shell:Creating prefix script '/home/pihas/drone-swarm-challenge-2026/ground-station-software/gcs/rqt/install/local_setup.zsh'
[0.642s] INFO:colcon.colcon_core.shell:Creating prefix chain script '/home/pihas/drone-swarm-challenge-2026/ground-station-software/gcs/rqt/install/setup.zsh'
